Starting Nmap 7.98 ( https://nmap.org ) at 2026-04-20 00:36 +0400
Nmap scan report for 10.129.35.76
Host is up (0.16s latency).
Not shown: 987 closed tcp ports (reset)
PORT     STATE SERVICE           VERSION
53/tcp   open  domain            Simple DNS Plus
80/tcp   open  http              Microsoft IIS httpd 10.0
| http-methods: 
|_  Potentially risky methods: TRACE
|_http-title: IIS Windows Server
|_http-server-header: Microsoft-IIS/10.0
88/tcp   open  kerberos-sec      Microsoft Windows Kerberos (server time: 2026-04-20 03:36:30Z)
135/tcp  open  msrpc             Microsoft Windows RPC
139/tcp  open  netbios-ssn       Microsoft Windows netbios-ssn
389/tcp  open  ldap              Microsoft Windows Active Directory LDAP (Domain: logging.htb, Site: Default-First-Site-Name)
| ssl-cert: Subject: 
| Subject Alternative Name: DNS:DC01.logging.htb, DNS:logging.htb, DNS:logging
| Not valid before: 2026-04-17T03:20:01
|_Not valid after:  2106-04-17T03:20:01
|_ssl-date: 2026-04-20T03:37:49+00:00; +7h00m00s from scanner time.
445/tcp  open  microsoft-ds?
464/tcp  open  kpasswd5?
593/tcp  open  ncacn_http        Microsoft Windows RPC over HTTP 1.0
636/tcp  open  ssl/ldap          Microsoft Windows Active Directory LDAP (Domain: logging.htb, Site: Default-First-Site-Name)
| ssl-cert: Subject: 
| Subject Alternative Name: DNS:DC01.logging.htb, DNS:logging.htb, DNS:logging
| Not valid before: 2026-04-17T03:20:01
|_Not valid after:  2106-04-17T03:20:01
|_ssl-date: 2026-04-20T03:37:49+00:00; +7h00m00s from scanner time.
3268/tcp open  ldap              Microsoft Windows Active Directory LDAP (Domain: logging.htb, Site: Default-First-Site-Name)
|_ssl-date: 2026-04-20T03:37:49+00:00; +7h00m00s from scanner time.
| ssl-cert: Subject: 
| Subject Alternative Name: DNS:DC01.logging.htb, DNS:logging.htb, DNS:logging
| Not valid before: 2026-04-17T03:20:01
|_Not valid after:  2106-04-17T03:20:01
3269/tcp open  globalcatLDAPssl?
| ssl-cert: Subject: 
| Subject Alternative Name: DNS:DC01.logging.htb, DNS:logging.htb, DNS:logging
| Not valid before: 2026-04-17T03:20:01
|_Not valid after:  2106-04-17T03:20:01
|_ssl-date: 2026-04-20T03:37:49+00:00; +7h00m00s from scanner time.
5985/tcp open  http              Microsoft HTTPAPI httpd 2.0 (SSDP/UPnP)
|_http-title: Not Found
|_http-server-header: Microsoft-HTTPAPI/2.0
No exact OS matches for host (If you know what OS is running on it, see https://nmap.org/submit/ ).
TCP/IP fingerprint:
OS:SCAN(V=7.98%E=4%D=4/20%OT=53%CT=1%CU=33783%PV=Y%DS=2%DC=T%G=Y%TM=69E53D1
OS:D%P=x86_64-pc-linux-gnu)SEQ(SP=102%GCD=1%ISR=106%TI=I%CI=I%II=I%SS=S%TS=
OS:U)SEQ(SP=104%GCD=1%ISR=109%TI=I%CI=I%TS=U)SEQ(SP=108%GCD=1%ISR=107%TI=I%
OS:CI=I%II=I%SS=S%TS=U)SEQ(SP=FE%GCD=1%ISR=10B%TI=I%CI=I%II=I%SS=S%TS=U)SEQ
OS:(SP=FE%GCD=1%ISR=110%TI=RD%CI=I%TS=U)OPS(O1=M552NW8NNS%O2=M552NW8NNS%O3=
OS:M552NW8%O4=M552NW8NNS%O5=M552NW8NNS%O6=M552NNS)WIN(W1=FFFF%W2=FFFF%W3=FF
OS:FF%W4=FFFF%W5=FFFF%W6=FF70)ECN(R=Y%DF=Y%T=80%W=FFFF%O=M552NW8NNS%CC=Y%Q=
OS:)T1(R=Y%DF=Y%T=80%S=O%A=S+%F=AS%RD=0%Q=)T2(R=N)T3(R=N)T4(R=Y%DF=Y%T=80%W
OS:=0%S=A%A=O%F=R%O=%RD=0%Q=)T5(R=Y%DF=Y%T=80%W=0%S=Z%A=S+%F=AR%O=%RD=0%Q=)
OS:T6(R=Y%DF=Y%T=80%W=0%S=A%A=O%F=R%O=%RD=0%Q=)T7(R=N)U1(R=Y%DF=N%T=80%IPL=
OS:164%UN=0%RIPL=G%RID=G%RIPCK=G%RUCK=G%RUD=G)IE(R=Y%DFI=N%T=80%CD=Z)

Network Distance: 2 hops
Service Info: Host: DC01; OS: Windows; CPE: cpe:/o:microsoft:windows

Host script results:
|_clock-skew: mean: 6h59m59s, deviation: 0s, median: 6h59m59s
| smb2-security-mode: 
|   3.1.1: 
|_    Message signing enabled and required
| smb2-time: 
|   date: 2026-04-20T03:37:28
|_  start_date: N/A

TRACEROUTE (using port 23/tcp)
HOP RTT       ADDRESS
1   156.51 ms 10.10.14.1
2   156.65 ms 10.129.35.76

OS and Service detection performed. Please report any incorrect results at https://nmap.org/submit/ .
Nmap done: 1 IP address (1 host up) scanned in 92.98 seconds
